Fixed src/app/blog/[slug]/page.tsx
Fixed src/app/blog/adult-birthday-party-ideas/page.tsx
Fixed src/app/blog/asian-cuisine-dallas/page.tsx
Fixed src/app/blog/baby-shower-venues/page.tsx
Fixed src/app/blog/bachelorette-restaurants-dallas/page.tsx
Fixed src/app/blog/beer-hard-seltzer/page.tsx
Fixed src/app/blog/beginner-sushi-tips/page.tsx
Fixed src/app/blog/best-asian-food-dallas/page.tsx
Fixed src/app/blog/best-happy-hour-frisco-tx/page.tsx
Fixed src/app/blog/best-hibachi-dallas/page.tsx
Fixed src/app/blog/best-hibachi-dallas-tx/page.tsx
Fixed src/app/blog/best-restaurants-stonebriar/page.tsx
Fixed src/app/blog/best-salmon-sashimi/page.tsx
Fixed src/app/blog/best-seafood-dallas/page.tsx
Fixed src/app/blog/best-steak-near-me/page.tsx
Fixed src/app/blog/best-steakhouses-lewisville/page.tsx
Fixed src/app/blog/best-sushi-dallas/page.tsx
Fixed src/app/blog/best-sushi-frisco/page.tsx
Fixed src/app/blog/birthday-celebration-restaurants/page.tsx
Fixed src/app/blog/bridal-shower-venues/page.tsx
Fixed src/app/blog/category/[category]/page.tsx
Fixed src/app/blog/date-night-restaurants-frisco/page.tsx
Fixed src/app/blog/discover-teppanyaki/page.tsx
Fixed src/app/blog/fast-casual-dining-jinbeh/page.tsx
Fixed src/app/blog/fine-dining-frisco/page.tsx
Fixed src/app/blog/free-birthday-food-deals/page.tsx
Fixed src/app/blog/group-dining-venues/page.tsx
Fixed src/app/blog/hibachi-birthday-party-ideas/page.tsx
Fixed src/app/blog/hibachi-calories-guide/page.tsx
Fixed src/app/blog/hibachi-catering-dfw/page.tsx
Fixed src/app/blog/hibachi-dining-experience/page.tsx
Fixed src/app/blog/hibachi-lunch-ideas/page.tsx
Fixed src/app/blog/hibachi-menu-guide/page.tsx
Fixed src/app/blog/hibachi-vs-teppanyaki-explained/page.tsx
Fixed src/app/blog/how-to-eat-sushi-guide/page.tsx
Fixed src/app/blog/international-beer-day/page.tsx
Fixed src/app/blog/japanese-beverages-guide/page.tsx
Fixed src/app/blog/japanese-cocktails/page.tsx
Fixed src/app/blog/japanese-restaurants-lewisville/page.tsx
Fixed src/app/blog/japanese-restaurants-near-me/page.tsx
Fixed src/app/blog/japanese-takeout-near-me/page.tsx
Fixed src/app/blog/japanese-whiskey-guide/page.tsx
Fixed src/app/blog/jinbeh-catering-services/page.tsx
Fixed src/app/blog/jinbeh-gift-cards-guide/page.tsx
Fixed src/app/blog/large-group-dining/page.tsx
Fixed src/app/blog/offsite-hibachi-catering/page.tsx
Fixed src/app/blog/omakase-dining-guide/page.tsx
Fixed src/app/blog/page.tsx
Fixed src/app/blog/pickleball-restaurants-lewisville/page.tsx
Fixed src/app/blog/popular-japanese-culture/page.tsx
Fixed src/app/blog/ramune-soda-guide/page.tsx
Fixed src/app/blog/restaurants-private-rooms/page.tsx
Fixed src/app/blog/romantic-anniversary-dinners/page.tsx
Fixed src/app/blog/sake-alcohol-strength/page.tsx
Fixed src/app/blog/sake-pairing-guide/page.tsx
Fixed src/app/blog/sake-sushi-menu-pairings/page.tsx
Fixed src/app/blog/sake-taste-profile/page.tsx
Fixed src/app/blog/sashimi-vs-sushi/page.tsx
Fixed src/app/blog/seafood-lewisville/page.tsx
Fixed src/app/blog/sushi-cooking-classes/page.tsx
Fixed src/app/blog/sushi-identification-chart/page.tsx
Fixed src/app/blog/sushi-lunch-specials/page.tsx
Fixed src/app/blog/sushi-platters-near-me/page.tsx
Fixed src/app/blog/thanksgiving-dining-guide/page.tsx
Fixed src/app/blog/things-to-do-frisco/page.tsx
Fixed src/app/blog/top-frisco-restaurants/page.tsx
Fixed src/app/blog/types-of-sake-explained/page.tsx
Fixed src/app/blog/types-of-sushi/page.tsx
Fixed src/app/blog/unique-kids-birthday-party-places/page.tsx
Fixed src/app/blog/what-is-omakase/page.tsx
Fixed src/app/blog/yamazaki-whiskey-guide/page.tsx
